../Core/Src/controladorLed.c:30:6:barridoLeds	32	static
../Core/Src/controladorLed.c:48:6:encender_leds	16	static
../Core/Src/controladorLed.c:73:6:lecturaPonteciometroSetAlarma	16	static
../Core/Src/controladorLed.c:106:6:ldrReadAndmodify	24	static
../Core/Src/controladorLed.c:139:6:ntcReadAndmodify	40	static
../Core/Src/controladorLed.c:172:6:buzzerStart	8	static
../Core/Src/controladorLed.c:182:6:buzzerStop	8	static
../Core/Src/controladorLed.c:191:6:programaPrincipal	32	static
../Core/Src/controladorLed.c:217:6:ModoTestBasico	96	static
